npm notice run @memories/public-web@0.1.0 build
npm notice run next build
  ▲ Next.js 14.2.35

   Creating an optimized production build ...
 ✓ Compiled successfully
   Linting and checking validity of types ...
   Collecting page data ...
   Generating static pages (0/22) ...
   Generating static pages (5/22) 
   Generating static pages (10/22) 
   Generating static pages (16/22) 
 ✓ Generating static pages (22/22)
   Finalizing page optimization ...
   Collecting build traces ...

Route (app)                              Size     First Load JS
┌ ○ /                                    7.54 kB         142 kB
├ ○ /_not-found                          177 B          87.5 kB
├ ○ /cart                                177 B          87.5 kB
├ ○ /checkout                            177 B          87.5 kB
├ ○ /custom-orders                       177 B          87.5 kB
├ ○ /dat-lam-rieng                       5.78 kB         128 kB
├ ƒ /design/[cardDesignId]               177 B          87.5 kB
├ ○ /gio-hang                            7.76 kB         136 kB
├ ○ /login                               550 B           139 kB
├ ○ /manifest.webmanifest                0 B                0 B
├ ○ /mau-thiep                           4.46 kB         148 kB
├ ○ /orders/lookup                       177 B          87.5 kB
├ ƒ /policies/[slug]                     177 B          87.5 kB
├ ○ /products                            177 B          87.5 kB
├ ƒ /products/[productId]                177 B          87.5 kB
├ ○ /profile                             2.16 kB        89.5 kB
├ ○ /qua-ky-niem                         9.94 kB         152 kB
├ ○ /register                            177 B          87.5 kB
├ ○ /robots.txt                          0 B                0 B
├ ○ /sitemap.xml                         0 B                0 B
├ ƒ /tao-thiep                           44.8 kB         186 kB
├ ○ /templates                           177 B          87.5 kB
├ ƒ /templates/[templateId]              177 B          87.5 kB
└ ƒ /view/[cardId]                       177 B          87.5 kB
+ First Load JS shared by all            87.3 kB
  ├ chunks/1dd3208c-7c55818e3679c000.js  53.6 kB
  ├ chunks/528-3475bc1bf3ac1829.js       31.7 kB
  └ other shared chunks (total)          1.97 kB


○  (Static)   prerendered as static content
ƒ  (Dynamic)  server-rendered on demand

